// Jest Snapshot v1, https://goo.gl/fbAQLP

exports[`loading spinner renders correctly 1`] = `
<div
  className="o-loading"
/>
`;
