// Jest Snapshot v1, https://goo.gl/fbAQLP

exports[`renders the full HalfCategoryGallery component 1`] = `
<HalfCategoryGallery
  half={
    Object {
      "box1_image": Array [
        Object {
          "asset_file": "1513596565.8223424-Week-44-Department-Homeware-2_07.jpg",
          "canonical_path": "https://shift-platform-dev-assets.s3-eu-west-1.amazonaws.com/uploads/asset_file/asset_file/157598/1513596565.8223424-Week-44-Department-Homeware-2_07.jpg",
          "created_at": "2017-12-18T11:29:25Z",
          "file_content_content_type": "image/jpeg",
          "file_content_filename": "Week-44-Department-Homeware-2_07.jpg",
          "file_content_size": 308494,
          "id": "157598",
          "image_height": 1372,
          "image_width": 1134,
          "reference": "e1d278d4-0fdb-4a49-96d4-f997b19c9650",
          "s3_url": "https://shift-platform-dev-assets.s3-eu-west-1.amazonaws.com/uploads/asset_file/asset_file/157598/1513596565.8223424-Week-44-Department-Homeware-2_07.jpg",
          "updated_at": "2017-12-18T11:29:25Z",
        },
      ],
      "box1_link_text": "shop special buys",
      "box1_link_url": Array [
        Object {
          "canonical_path": "/homeware/offers/special-buys",
          "id": "/homeware/offers/special-buys",
          "path": "/homeware/offers/special-buys",
          "url": "/homeware/offers/special-buys",
        },
      ],
      "box1_title": "SOMETHING SPECIAL",
      "box2_image": Array [
        Object {
          "asset_file": "1513596566.0288823-Week-44-Department-Homeware-2_09.jpg",
          "canonical_path": "https://shift-platform-dev-assets.s3-eu-west-1.amazonaws.com/uploads/asset_file/asset_file/157599/1513596566.0288823-Week-44-Department-Homeware-2_09.jpg",
          "created_at": "2017-12-18T11:29:26Z",
          "file_content_content_type": "image/jpeg",
          "file_content_filename": "Week-44-Department-Homeware-2_09.jpg",
          "file_content_size": 261541,
          "id": "157599",
          "image_height": 1372,
          "image_width": 1137,
          "reference": "c6f49e79-fe72-4395-88f7-6b13f4e60f3f",
          "s3_url": "https://shift-platform-dev-assets.s3-eu-west-1.amazonaws.com/uploads/asset_file/asset_file/157599/1513596566.0288823-Week-44-Department-Homeware-2_09.jpg",
          "updated_at": "2017-12-18T11:29:26Z",
        },
      ],
      "box2_link_text": "shop healthy eating",
      "box2_link_url": Array [
        Object {
          "canonical_path": "/homeware/healthy-eating",
          "id": "/homeware/healthy-eating",
          "path": "/homeware/healthy-eating",
          "url": "/homeware/healthy-eating",
        },
      ],
      "box2_title": "GOOD FOOD",
      "id": "14_2",
      "reference": "half__style1",
    }
  }
>
  <div
    className="c-half-gallery"
  >
    <div
      key="0"
    >
      <div
        className="c-half"
      >
        <Image
          className="c-half__image"
          src="https://shift-platform-dev-assets.s3-eu-west-1.amazonaws.com/uploads/asset_file/asset_file/157598/1513596565.8223424-Week-44-Department-Homeware-2_07.jpg"
        >
          <div
            className="c-half__image"
          >
            <LazyLoad
              height={200}
              offset={0}
              once={false}
              overflow={false}
              resize={false}
              scroll={true}
              unmountIfInvisible={false}
            >
              <div
                className="lazyload-placeholder"
                style={
                  Object {
                    "height": 200,
                  }
                }
              />
            </LazyLoad>
          </div>
        </Image>
        <div
          className="c-half__text"
        >
          <h1>
            SOMETHING SPECIAL
          </h1>
        </div>
        <div
          className="c-half__button"
        >
          <Link
            as="/homeware/offers/special-buys"
            href="/slug?slug=/homeware/offers/special-buys"
          >
            <Button
              aria-label="shop special buys"
              className="c-half__button-icon"
              label="shop special buys"
              onClick={[Function]}
              size="lrg"
              status="warning"
            >
              <button
                aria-label="shop special buys"
                className="c-half__button-icon o-button o-button--warning o-button--lrg"
                disabled={false}
                onClick={[Function]}
                role="button"
                tabIndex="0"
              >
                shop special buys
              </button>
            </Button>
          </Link>
        </div>
      </div>
    </div>
    <div
      key="1"
    >
      <div
        className="c-half"
      >
        <Image
          className="c-half__image"
          src="https://shift-platform-dev-assets.s3-eu-west-1.amazonaws.com/uploads/asset_file/asset_file/157599/1513596566.0288823-Week-44-Department-Homeware-2_09.jpg"
        >
          <div
            className="c-half__image"
          >
            <LazyLoad
              height={200}
              offset={0}
              once={false}
              overflow={false}
              resize={false}
              scroll={true}
              unmountIfInvisible={false}
            >
              <div
                className="lazyload-placeholder"
                style={
                  Object {
                    "height": 200,
                  }
                }
              />
            </LazyLoad>
          </div>
        </Image>
        <div
          className="c-half__text"
        >
          <h1>
            GOOD FOOD
          </h1>
        </div>
        <div
          className="c-half__button"
        >
          <Link
            as="/homeware/healthy-eating"
            href="/slug?slug=/homeware/healthy-eating"
          >
            <Button
              aria-label="shop healthy eating"
              className="c-half__button-icon"
              label="shop healthy eating"
              onClick={[Function]}
              size="lrg"
              status="warning"
            >
              <button
                aria-label="shop healthy eating"
                className="c-half__button-icon o-button o-button--warning o-button--lrg"
                disabled={false}
                onClick={[Function]}
                role="button"
                tabIndex="0"
              >
                shop healthy eating
              </button>
            </Button>
          </Link>
        </div>
      </div>
    </div>
  </div>
</HalfCategoryGallery>
`;
