// Jest Snapshot v1, https://goo.gl/fbAQLP

exports[`renders correctly 1`] = `
<React.Fragment>
  <ProductMenu
    body="Optional text prop not yet setup but available"
  />
  <Breadcrumb />
  <div
    className="c-product-listing-wrapper"
  >
    <AlgoliaFilters
      showFilters={false}
      toggleFiltering={[Function]}
    />
    <div
      className="c-product-listing"
    >
      <div
        className="c-product-listing__menu"
      >
        <ProductMenuOptions
          showFilters={false}
          toggleFiltering={[Function]}
        />
      </div>
      <AlgoliaInfiniteHits(AlgoliaResults) />
    </div>
  </div>
</React.Fragment>
`;
