// Jest Snapshot v1, https://goo.gl/fbAQLP

exports[`renders correctly 1`] = `
<OrderAddresses
  addresses={
    Array [
      Object {
        "city": "Wakefield",
        "company": "COMPANY",
        "country": "GB",
        "id": "f52d57e1-5960-4bd6-8cd4-3f6b856b365d_1",
        "lines": Array [
          "1 Scott Drive",
          "Crofton",
        ],
        "name": "Callum Barratt",
        "postcode": "WF4 1TD",
        "state": "West Yorkshire",
      },
    ]
  }
>
  <div
    className="c-order-history__address"
    key="f52d57e1-5960-4bd6-8cd4-3f6b856b365d_1"
  >
    <p
      className="u-bold"
    >
      Callum Barratt
    </p>
    <p>
      COMPANY
    </p>
    <p
      key="0"
    >
      1 Scott Drive
    </p>
    <p
      key="1"
    >
      Crofton
    </p>
    <p>
      Wakefield
    </p>
    <p>
      West Yorkshire
    </p>
    <p>
      WF4 1TD
    </p>
    <p>
      GB
    </p>
  </div>
</OrderAddresses>
`;
