// Jest Snapshot v1, https://goo.gl/fbAQLP

exports[`renders the nav bar options 1`] = `
<div
  className="o-nav"
  role="navigation"
>
  <NavBarOption
    index={0}
    link="/categories/mens"
    title="Mens"
  />
  <NavBarOption
    index={1}
    link="/womens"
    title="Womens"
  />
  <NavBarOption
    index={2}
    link="/categories/Bathroom"
    title="Bathroom"
  />
  <NavBarOption
    index={3}
    link="/girls"
    title="Girls"
  />
  <NavBarOption
    index={4}
    link="/other"
    title="Other"
  />
  <NavBarOption
    index={5}
    link="/offers"
    title="Offers"
  />
</div>
`;
