// Jest Snapshot v1, https://goo.gl/fbAQLP

exports[`renders correctly 1`] = `
<Breadcrumb
  trail={
    Array [
      Object {
        "canonical_path": "/categories/22bca338-b578-4aee-a302-992764fa3e72",
        "id": "22bca338-b578-4aee-a302-992764fa3e72",
        "page": "/categories/category",
        "title": "Womens",
      },
      Object {
        "canonical_path": "/products/708a0142-e60f-4332-9a8b-1359c5af9ec4",
        "id": "708a0142-e60f-4332-9a8b-1359c5af9ec4",
        "page": "/products/product",
        "title": "Textured Long T-Shirt",
      },
    ]
  }
>
  <nav>
    <ol
      className="o-breadcrumb"
    >
      <li
        className="o-breadcrumb__item"
      >
        <Link
          as="/"
          href="/home/index"
        >
          <a
            className="o-breadcrumb__link"
            href="/"
            onClick={[Function]}
          >
            Home
          </a>
        </Link>
      </li>
      <li
        className="o-breadcrumb__item"
        key="0"
      >
        <Link
          as="/categories/22bca338-b578-4aee-a302-992764fa3e72"
          href="/categories/category?id=22bca338-b578-4aee-a302-992764fa3e72"
        >
          <a
            className="o-breadcrumb__link"
            href="/categories/22bca338-b578-4aee-a302-992764fa3e72"
            onClick={[Function]}
          >
            Womens
          </a>
        </Link>
      </li>
      <li
        className="o-breadcrumb__item"
        key="1"
      >
        <Link
          as="/products/708a0142-e60f-4332-9a8b-1359c5af9ec4"
          href="/products/product?id=708a0142-e60f-4332-9a8b-1359c5af9ec4"
        >
          <a
            className="o-breadcrumb__link"
            href="/products/708a0142-e60f-4332-9a8b-1359c5af9ec4"
            onClick={[Function]}
          >
            Textured Long T-Shirt
          </a>
        </Link>
      </li>
    </ol>
  </nav>
</Breadcrumb>
`;
