// Jest Snapshot v1, https://goo.gl/fbAQLP

exports[`renders correctly 1`] = `
<Logo
  className="o-header__logo"
>
  <div
    className="o-header__logo"
  >
    <Link
      as="/"
      href="/slug?slug=/homepage"
    >
      <a
        href="/"
        onClick={[Function]}
      >
        <Image
          className="o-logo__image"
          height={40}
          src="/static/shopgo-logo.svg"
          width={180}
        >
          <div
            className="o-logo__image"
          >
            <picture>
              <img
                className="o-image"
                height={40}
                src="/static/shopgo-logo.svg"
                srcSet="/static/shopgo-logo.svg 769w"
                width={180}
              />
            </picture>
          </div>
        </Image>
      </a>
    </Link>
  </div>
</Logo>
`;
