// Jest Snapshot v1, https://goo.gl/fbAQLP

exports[`renders correctly 1`] = `
<Image
  className={Object {}}
  src="/static/googlemap.png"
/>
`;
