// Jest Snapshot v1, https://goo.gl/fbAQLP

exports[`renders the full ThirdCategoryGallery component 1`] = `
<ThirdCategoryGallery
  third={
    Object {
      "box1_image": Array [
        Object {
          "asset_file": "1513676837.1465595-Week-44---Sale_03.jpg",
          "canonical_path": "https://shift-platform-dev-assets.s3-eu-west-1.amazonaws.com/uploads/asset_file/asset_file/157793/1513676837.1465595-Week-44---Sale_03.jpg",
          "created_at": "2017-12-19T09:47:17Z",
          "file_content_content_type": "image/jpeg",
          "file_content_filename": "Week-44---Sale_03.jpg",
          "file_content_size": 99662,
          "id": "157793",
          "image_height": 910,
          "image_width": 800,
          "reference": "74a6e169-9734-4d7b-884d-f8ae9ff90b68",
          "s3_url": "https://shift-platform-dev-assets.s3-eu-west-1.amazonaws.com/uploads/asset_file/asset_file/157793/1513676837.1465595-Week-44---Sale_03.jpg",
          "updated_at": "2017-12-19T09:47:17Z",
        },
      ],
      "box1_link_text": "shop womens sportswear",
      "box1_link_url": Array [
        Object {
          "canonical_path": "/womens/shop-by-category/sportswear",
          "id": "/womens/shop-by-category/sportswear",
          "path": "/womens/shop-by-category/sportswear",
          "url": "/womens/shop-by-category/sportswear",
        },
      ],
      "box1_text": "Who doesn’t love a New Year’s cliché? Working out and getting fit is always a big deal in January, so we why not look good doing it – say hello to our latest Souluxe collection.",
      "box1_title": "GET GYMSPIRED",
      "box2_image": Array [
        Object {
          "asset_file": "1513676837.280586-Week-44---Sale_05.jpg",
          "canonical_path": "https://shift-platform-dev-assets.s3-eu-west-1.amazonaws.com/uploads/asset_file/asset_file/157794/1513676837.280586-Week-44---Sale_05.jpg",
          "created_at": "2017-12-19T09:47:17Z",
          "file_content_content_type": "image/jpeg",
          "file_content_filename": "Week-44---Sale_05.jpg",
          "file_content_size": 113653,
          "id": "157794",
          "image_height": 910,
          "image_width": 800,
          "reference": "30175cb0-2fd3-4608-92d1-57bf42e87bbd",
          "s3_url": "https://shift-platform-dev-assets.s3-eu-west-1.amazonaws.com/uploads/asset_file/asset_file/157794/1513676837.280586-Week-44---Sale_05.jpg",
          "updated_at": "2017-12-19T09:47:17Z",
        },
      ],
      "box2_link_text": "shop mens sportswear",
      "box2_link_url": Array [
        Object {
          "canonical_path": "/mens/categories/sportswear",
          "id": "/mens/categories/sportswear",
          "path": "/mens/categories/sportswear",
          "url": "/mens/categories/sportswear",
        },
      ],
      "box2_text": "Whether you’re new to working out or a total pro, our Souluxe collection is bursting full great gear – meaning you’ll look and feel great. Run, don’t walk for these beauties.",
      "box2_title": "BETTER, FASTER, STRONGER.",
      "box3_image": Array [
        Object {
          "asset_file": "1513676837.490249-Week-44---Sale_07.jpg",
          "canonical_path": "https://shift-platform-dev-assets.s3-eu-west-1.amazonaws.com/uploads/asset_file/asset_file/157795/1513676837.490249-Week-44---Sale_07.jpg",
          "created_at": "2017-12-19T09:47:17Z",
          "file_content_content_type": "image/jpeg",
          "file_content_filename": "Week-44---Sale_07.jpg",
          "file_content_size": 92114,
          "id": "157795",
          "image_height": 910,
          "image_width": 800,
          "reference": "0ccfb1ad-24a1-4fa3-93e3-9d1503547578d",
          "s3_url": "https://shift-platform-dev-assets.s3-eu-west-1.amazonaws.com/uploads/asset_file/asset_file/157795/1513676837.490249-Week-44---Sale_07.jpg",
          "updated_at": "2017-12-19T09:47:17Z",
        },
      ],
      "box3_link_text": "shop kids sportswear",
      "box3_link_url": Array [
        Object {
          "canonical_path": "/kids-clothing/kidswear/sportswear",
          "id": "/kids-clothing/kidswear/sportswear",
          "path": "/kids-clothing/kidswear/sportswear",
          "url": "/kids-clothing/kidswear/sportswear",
        },
      ],
      "box3_text": "If she loves to express herself through movement our latest looks from Souluxe will leave her with hearts in her eyes. Full of cute co-ords and bold prints, she’ll feel like the star of the show.",
      "box3_title": "MINI MOVES",
      "id": "15_3",
      "reference": "thirds_style1",
    }
  }
>
  <div
    className="c-third-gallery"
  >
    <div
      key="0"
    >
      <div
        className="c-third"
      >
        <Image
          className="c-third__image"
          src="https://shift-platform-dev-assets.s3-eu-west-1.amazonaws.com/uploads/asset_file/asset_file/157793/1513676837.1465595-Week-44---Sale_03.jpg"
        >
          <div
            className="c-third__image"
          >
            <LazyLoad
              height={200}
              offset={0}
              once={false}
              overflow={false}
              resize={false}
              scroll={true}
              unmountIfInvisible={false}
            >
              <div
                className="lazyload-placeholder"
                style={
                  Object {
                    "height": 200,
                  }
                }
              />
            </LazyLoad>
          </div>
        </Image>
        <h1
          className="c-third__title"
        >
          GET GYMSPIRED
        </h1>
        <div
          className="c-third__text"
        >
          <p>
            Who doesn’t love a New Year’s cliché? Working out and getting fit is always a big deal in January, so we why not look good doing it – say hello to our latest Souluxe collection.
          </p>
        </div>
        <div
          className="c-third__button"
        >
          <Link
            as="/womens/shop-by-category/sportswear"
            href="/slug?slug=/womens/shop-by-category/sportswear"
          >
            <Button
              aria-label="shop womens sportswear"
              className="c-third__button-icon"
              label="shop womens sportswear"
              onClick={[Function]}
              size="lrg"
              status="warning"
            >
              <button
                aria-label="shop womens sportswear"
                className="c-third__button-icon o-button o-button--warning o-button--lrg"
                disabled={false}
                onClick={[Function]}
                role="button"
                tabIndex="0"
              >
                shop womens sportswear
              </button>
            </Button>
          </Link>
        </div>
      </div>
    </div>
    <div
      key="1"
    >
      <div
        className="c-third"
      >
        <Image
          className="c-third__image"
          src="https://shift-platform-dev-assets.s3-eu-west-1.amazonaws.com/uploads/asset_file/asset_file/157794/1513676837.280586-Week-44---Sale_05.jpg"
        >
          <div
            className="c-third__image"
          >
            <LazyLoad
              height={200}
              offset={0}
              once={false}
              overflow={false}
              resize={false}
              scroll={true}
              unmountIfInvisible={false}
            >
              <div
                className="lazyload-placeholder"
                style={
                  Object {
                    "height": 200,
                  }
                }
              />
            </LazyLoad>
          </div>
        </Image>
        <h1
          className="c-third__title"
        >
          BETTER, FASTER, STRONGER.
        </h1>
        <div
          className="c-third__text"
        >
          <p>
            Whether you’re new to working out or a total pro, our Souluxe collection is bursting full great gear – meaning you’ll look and feel great. Run, don’t walk for these beauties.
          </p>
        </div>
        <div
          className="c-third__button"
        >
          <Link
            as="/mens/categories/sportswear"
            href="/slug?slug=/mens/categories/sportswear"
          >
            <Button
              aria-label="shop mens sportswear"
              className="c-third__button-icon"
              label="shop mens sportswear"
              onClick={[Function]}
              size="lrg"
              status="warning"
            >
              <button
                aria-label="shop mens sportswear"
                className="c-third__button-icon o-button o-button--warning o-button--lrg"
                disabled={false}
                onClick={[Function]}
                role="button"
                tabIndex="0"
              >
                shop mens sportswear
              </button>
            </Button>
          </Link>
        </div>
      </div>
    </div>
    <div
      key="2"
    >
      <div
        className="c-third"
      >
        <Image
          className="c-third__image"
          src="https://shift-platform-dev-assets.s3-eu-west-1.amazonaws.com/uploads/asset_file/asset_file/157795/1513676837.490249-Week-44---Sale_07.jpg"
        >
          <div
            className="c-third__image"
          >
            <LazyLoad
              height={200}
              offset={0}
              once={false}
              overflow={false}
              resize={false}
              scroll={true}
              unmountIfInvisible={false}
            >
              <div
                className="lazyload-placeholder"
                style={
                  Object {
                    "height": 200,
                  }
                }
              />
            </LazyLoad>
          </div>
        </Image>
        <h1
          className="c-third__title"
        >
          MINI MOVES
        </h1>
        <div
          className="c-third__text"
        >
          <p>
            If she loves to express herself through movement our latest looks from Souluxe will leave her with hearts in her eyes. Full of cute co-ords and bold prints, she’ll feel like the star of the show.
          </p>
        </div>
        <div
          className="c-third__button"
        >
          <Link
            as="/kids-clothing/kidswear/sportswear"
            href="/slug?slug=/kids-clothing/kidswear/sportswear"
          >
            <Button
              aria-label="shop kids sportswear"
              className="c-third__button-icon"
              label="shop kids sportswear"
              onClick={[Function]}
              size="lrg"
              status="warning"
            >
              <button
                aria-label="shop kids sportswear"
                className="c-third__button-icon o-button o-button--warning o-button--lrg"
                disabled={false}
                onClick={[Function]}
                role="button"
                tabIndex="0"
              >
                shop kids sportswear
              </button>
            </Button>
          </Link>
        </div>
      </div>
    </div>
  </div>
</ThirdCategoryGallery>
`;
