// Jest Snapshot v1, https://goo.gl/fbAQLP

exports[`dispatch updateQuantity action on changing line item quantity 1`] = `
<Provider
  store={
    Object {
      "dispatch": [Function],
      "getAction": [Function],
      "getActions": [Function],
      "getState": [Function],
      "isActionDispatched": [Function],
      "isActionTypeDispatched": [Function],
      "subscribe": [Function],
    }
  }
>
  <CartPage
    cart={
      Object {
        "lineItems": Array [
          Object {
            "canonical_path": "1",
            "imageUrl": "https://shift-platform-dev-assets.s3-eu-west-1.amazonaws.com/uploads/asset_file/asset_file/145854/1506433071.3858652-S2658934_C101_Main.jpg",
            "price": "30",
            "productID": "70515",
            "quantity": 1,
            "sku": "S2658934_C101_486",
            "slug": "1",
            "stockAvailableLevel": 10000,
            "title": "Regular Fit Wool Mix Trousers",
            "variant": "38 Waist 31 Leg",
          },
        ],
        "totalQuantity": 2,
      }
    }
    dispatch={[MockFunction]}
  >
    <CartTable
      cart={
        Object {
          "lineItems": Array [
            Object {
              "canonical_path": "1",
              "imageUrl": "https://shift-platform-dev-assets.s3-eu-west-1.amazonaws.com/uploads/asset_file/asset_file/145854/1506433071.3858652-S2658934_C101_Main.jpg",
              "price": "30",
              "productID": "70515",
              "quantity": 1,
              "sku": "S2658934_C101_486",
              "slug": "1",
              "stockAvailableLevel": 10000,
              "title": "Regular Fit Wool Mix Trousers",
              "variant": "38 Waist 31 Leg",
            },
          ],
          "totalQuantity": 2,
        }
      }
      deleteItem={[Function]}
      updateQuantity={[Function]}
    >
      <section
        className="c-cart-table c-cart-table--margin"
      >
        <section
          className="c-cart-table__header"
        >
          <div
            className="u-float--left"
          >
            <h1
              className="c-cart-table__title"
            >
               Your Shopping Basket 
              <a
                className="c-cart-table__amount"
              >
                (
                2
                )
              </a>
               
            </h1>
            <p
              className="c-cart-table__description"
            >
              You have 
              <a>
                2
              </a>
               
              <t
                className={null}
                count={2}
                showCount={false}
                singular="item"
                style={Object {}}
                zero={null}
              >
                <span
                  className={null}
                  style={Object {}}
                >
                  items
                </span>
              </t>
               in your shopping basket
            </p>
            <p
              className="c-cart-table__description"
            >
              <t
                className={null}
                count={2}
                plural="These"
                showCount={false}
                singular="This"
                style={Object {}}
                zero={null}
              >
                <span
                  className={null}
                  style={Object {}}
                >
                  These
                </span>
              </t>
               
              <t
                className={null}
                count={2}
                showCount={false}
                singular="item"
                style={Object {}}
                zero={null}
              >
                <span
                  className={null}
                  style={Object {}}
                >
                  items
                </span>
              </t>
               will be saved for 48 hours depending on availablility
            </p>
          </div>
          <div>
            <h4
              className="c-cart-table__total"
            >
              Â£
              30.00
            </h4>
          </div>
        </section>
        <section
          className="u-float-clear"
        >
          <LineItems
            aria-label="Line Items"
            cart={
              Object {
                "lineItems": Array [
                  Object {
                    "canonical_path": "1",
                    "imageUrl": "https://shift-platform-dev-assets.s3-eu-west-1.amazonaws.com/uploads/asset_file/asset_file/145854/1506433071.3858652-S2658934_C101_Main.jpg",
                    "price": "30",
                    "productID": "70515",
                    "quantity": 1,
                    "sku": "S2658934_C101_486",
                    "slug": "1",
                    "stockAvailableLevel": 10000,
                    "title": "Regular Fit Wool Mix Trousers",
                    "variant": "38 Waist 31 Leg",
                  },
                ],
                "totalQuantity": 2,
              }
            }
            deleteItem={[Function]}
            updateQuantity={[Function]}
          >
            <div
              className="c-line-items"
            >
              <div
                className="o-grid-container__lineitems"
                key="1"
              >
                <div
                  className="o-grid-item1__lineitems"
                >
                  <Link
                    as="1"
                    href="/slug?slug=1"
                    key="1"
                  >
                    <Image
                      alt="Regular Fit Wool Mix Trousers"
                      aria-label="Regular Fit Wool Mix Trousers"
                      className="c-line-items__image"
                      key="1"
                      onClick={[Function]}
                      src="https://shift-platform-dev-assets.s3-eu-west-1.amazonaws.com/uploads/asset_file/asset_file/145854/1506433071.3858652-S2658934_C101_Main.jpg"
                    >
                      <div
                        className="c-line-items__image"
                      >
                        <LazyLoad
                          height={200}
                          offset={0}
                          once={false}
                          overflow={false}
                          resize={false}
                          scroll={true}
                          unmountIfInvisible={false}
                        >
                          <div
                            className="lazyload-placeholder"
                            style={
                              Object {
                                "height": 200,
                              }
                            }
                          />
                        </LazyLoad>
                      </div>
                    </Image>
                  </Link>
                </div>
                <div
                  className="o-grid-item2__lineitems"
                >
                  <div
                    className="c-line-items__details"
                  >
                    <h4
                      className="c-line-items__details-title  u-bold"
                    >
                      Regular Fit Wool Mix Trousers
                    </h4>
                    <div
                      className="c-line-items__details-sku"
                    >
                      <span>
                        S2658934_C101_486
                      </span>
                    </div>
                  </div>
                </div>
                <div
                  className="o-grid-item3__lineitems"
                >
                  <div
                    className="c-line-items__colour  u-bold"
                  >
                    <span>
                      Colour
                    </span>
                  </div>
                  <div
                    className="c-line-items__size  u-bold"
                  >
                    <span>
                      Option
                    </span>
                  </div>
                  <div
                    className="c-line-items__quantity u-bold"
                  >
                    <span>
                      Quantity
                    </span>
                  </div>
                </div>
                <div
                  className="o-grid-item4__lineitems"
                >
                  <span
                    className="c-line-items__space"
                  >
                    Grey
                  </span>
                  <span
                    className="c-line-items__space"
                  >
                    38 Waist 31 Leg
                  </span>
                  <span
                    className="c-line-items__space"
                  >
                    <select
                      data-variant="S2658934_C101_486"
                      onChange={[Function]}
                      value={1}
                    >
                      <option
                        aria-posinset={2}
                        aria-setsize={1}
                        key="1"
                        value={1}
                      >
                        1
                      </option>
                      <option
                        aria-posinset={3}
                        aria-setsize={2}
                        key="2"
                        value={2}
                      >
                        2
                      </option>
                      <option
                        aria-posinset={4}
                        aria-setsize={3}
                        key="3"
                        value={3}
                      >
                        3
                      </option>
                      <option
                        aria-posinset={5}
                        aria-setsize={4}
                        key="4"
                        value={4}
                      >
                        4
                      </option>
                      <option
                        aria-posinset={6}
                        aria-setsize={5}
                        key="5"
                        value={5}
                      >
                        5
                      </option>
                      <option
                        aria-posinset={7}
                        aria-setsize={6}
                        key="6"
                        value={6}
                      >
                        6
                      </option>
                      <option
                        aria-posinset={8}
                        aria-setsize={7}
                        key="7"
                        value={7}
                      >
                        7
                      </option>
                      <option
                        aria-posinset={9}
                        aria-setsize={8}
                        key="8"
                        value={8}
                      >
                        8
                      </option>
                      <option
                        aria-posinset={10}
                        aria-setsize={9}
                        key="9"
                        value={9}
                      >
                        9
                      </option>
                      <option
                        aria-posinset={11}
                        aria-setsize={10}
                        key="10"
                        value={10}
                      >
                        10
                      </option>
                    </select>
                  </span>
                </div>
                <div
                  className="o-grid-item5__lineitems"
                >
                  <div
                    className="c-line-items__buttons"
                  >
                    <div
                      className="c-line-items__anchor"
                    >
                      <a
                        className="c-line-items__delete"
                        data-variant="S2658934_C101_486"
                        onClick={[Function]}
                      >
                        Delete
                      </a>
                    </div>
                  </div>
                  <div
                    className="c-line-items__total-wrapper"
                  >
                    <a
                      className="c-line-items__total"
                    >
                      Â£
                      30.00
                    </a>
                  </div>
                </div>
              </div>
            </div>
          </LineItems>
          <CartSummary
            aria-label="Cart Summary"
            cart={
              Object {
                "lineItems": Array [
                  Object {
                    "canonical_path": "1",
                    "imageUrl": "https://shift-platform-dev-assets.s3-eu-west-1.amazonaws.com/uploads/asset_file/asset_file/145854/1506433071.3858652-S2658934_C101_Main.jpg",
                    "price": "30",
                    "productID": "70515",
                    "quantity": 1,
                    "sku": "S2658934_C101_486",
                    "slug": "1",
                    "stockAvailableLevel": 10000,
                    "title": "Regular Fit Wool Mix Trousers",
                    "variant": "38 Waist 31 Leg",
                  },
                ],
                "totalQuantity": 2,
              }
            }
            deleteItem={[Function]}
            updateQuantity={[Function]}
          >
            <section
              className="c-cart-summary"
            >
              <dl>
                <dt>
                  <a>
                    Total Price:
                  </a>
                </dt>
                <dd>
                  <a>
                    Â£
                    30.00
                  </a>
                </dd>
              </dl>
              <dl>
                <dt>
                  <a>
                    Estimated shipping cost: Â£3.45
                  </a>
                </dt>
              </dl>
              <dl>
                <dt>
                  <a
                    className="u-bold"
                  >
                    TOTAL:
                  </a>
                </dt>
                <dd>
                  <a
                    className="u-bold"
                  >
                    Â£
                    30.00
                  </a>
                </dd>
              </dl>
              <dl>
                <a>
                  * Including VAT
                </a>
              </dl>
            </section>
            <section
              className="c-cart-summary__buttons"
            >
              <Button
                aria-label="Continue Shopping"
                className="c-cart-summary__buttons--continue"
                label="Continue shopping"
                size="lrg"
                status="grey"
                type="button"
              >
                <div
                  className="o-button_container"
                >
                  <button
                    aria-label="Continue Shopping"
                    className="c-cart-summary__buttons--continue o-button o-button--grey o-button--lrg"
                    disabled={false}
                    role="button"
                    tabIndex="0"
                    type="button"
                  >
                    Continue shopping
                  </button>
                </div>
              </Button>
              <Link
                as=""
                href="/checkout"
              >
                <Button
                  aria-label="Place Order"
                  className="c-cart-summary__buttons--proceed"
                  label="Continue to payment"
                  onClick={[Function]}
                  size="lrg"
                  status="positive"
                  type="button"
                >
                  <div
                    className="o-button_container"
                  >
                    <button
                      aria-label="Place Order"
                      className="c-cart-summary__buttons--proceed o-button o-button--positive o-button--lrg"
                      disabled={false}
                      onClick={[Function]}
                      role="button"
                      tabIndex="0"
                      type="button"
                    >
                      Continue to payment
                    </button>
                  </div>
                </Button>
              </Link>
            </section>
          </CartSummary>
        </section>
      </section>
    </CartTable>
  </CartPage>
</Provider>
`;
