// Jest Snapshot v1, https://goo.gl/fbAQLP

exports[`render() renders correct checkout components 1`] = `
<Fragment>
  <div
    className="c-checkout__addressform"
  >
    <div
      className="o-form__address"
    >
      <AddressFormSummary
        onClick={[Function]}
      />
    </div>
  </div>
  <ShippingMethodsSummary />
  <div
    className="u-hidden"
  >
    <PaymentMethodSummary
      cart={
        Object {
          "shipping_address": Object {},
        }
      }
      checkout={
        Object {
          "addressBook": Array [],
        }
      }
      selectedPaymentMethod={null}
      showPayment={[Function]}
    />
  </div>
  <div
    className=""
  >
    <PaymentMethod
      addressBookEmpty={[Function]}
      addressFormDisplayed={[Function]}
      autoFillAddress={[Function]}
      cart={
        Object {
          "shipping_address": Object {},
        }
      }
      changeBillingAsShipping={[Function]}
      checkout={
        Object {
          "addressBook": Array [],
        }
      }
      countries={
        Array [
          Object {
            "id": 1,
            "title": "United Kingdom",
            "value": "GB",
          },
          Object {
            "id": 2,
            "title": "United States",
            "value": "US",
          },
        ]
      }
      formName="paymentMethod"
      nextSection={[Function]}
      nextStepAvailable={[Function]}
      onBlur={[Function]}
      onBookAddressSelected={[Function]}
      onCardTokenReceived={[Function]}
      onChange={[Function]}
      onNewAddress={[Function]}
      onPaymentMethodChanged={[Function]}
      selectedPaymentMethod={null}
      setCardErrors={[Function]}
    />
  </div>
</Fragment>
`;
