// Jest Snapshot v1, https://goo.gl/fbAQLP

exports[`renders address form components 1`] = `
<div
  className="c-checkout__addressform"
>
  <div
    className="o-form__address"
  >
    <AddressFormHeader
      title="Shipping Address"
    />
    <Connect(AddressForm)
      addressType="shipping"
      cart={
        Object {
          "line_items_count": 1,
        }
      }
      checkout={
        Object {
          "addressBook": Array [],
          "shippingAddress": Object {
            "errors": Object {},
          },
        }
      }
      formName="shippingAddress"
      nextSection={[Function]}
      onBlur={[Function]}
      onChange={[Function]}
      onShowField={[Function]}
    />
    <div
      className="o-form__input-group"
    >
      <Button
        aria-label="View Shipping Options"
        className="c-address-form__button o-button--sml"
        disabled={true}
        label="View Shipping Options"
        onClick={[Function]}
        status="disabled"
        type="primary"
      />
    </div>
  </div>
</div>
`;
