// Jest Snapshot v1, https://goo.gl/fbAQLP

exports[`renders correctly 1`] = `
<div
  className="c-product"
>
  <Link
    as="/products/a2d8d304-19eb-4a98-ae77-d7db53715cc4"
    href="/products/product?id=a2d8d304-19eb-4a98-ae77-d7db53715cc4"
  >
    <a>
      <div
        className="c-product__image-container"
      >
        <Image
          alt="test alt value"
          aria-label="test alt value"
          className="c-product__image"
          src="https://staging-matalanintegration-1452506760.s3.amazonaws.com/uploads/asset_file/asset_file/12671/S2623408_C29P_Alt2.jpg"
        />
      </div>
      <div
        className="c-product__title"
      >
        <AlgoliaHighlighter(Highlight)
          attributeName="product_title"
          hit={
            Object {
              "_highlightResult": Object {
                "product_meta_data": Object {
                  "eu": Object {
                    "sku": Object {
                      "matchLevel": "none",
                      "matchedWords": Array [],
                      "value": "SK8407636324",
                    },
                  },
                },
                "product_title": Object {
                  "fullyHighlighted": false,
                  "matchLevel": "full",
                  "matchedWords": Array [
                    "long",
                  ],
                  "value": "<ais-highlight-0000000000>Long</ais-highlight-0000000000> Shirt",
                },
                "variant_sku": Object {
                  "matchLevel": "none",
                  "matchedWords": Array [],
                  "value": "SK8407636324-2",
                },
              },
              "category_ids": Array [
                "22bca338-b578-4aee-a302-992764fa3e72",
              ],
              "objectID": "a2d8d304-19eb-4a98-ae77-d7db53715cc4_6d2a54b2-3988-4e3c-b4d8-26feb6ea852e",
              "product_assets": Array [
                Object {
                  "alt_text": "test alt value",
                  "id": 1,
                  "url": "https://staging-matalanintegration-1452506760.s3.amazonaws.com/uploads/asset_file/asset_file/12671/S2623408_C29P_Alt2.jpg",
                },
              ],
              "product_meta_data": Object {
                "eu": Object {
                  "colour": "Blue",
                  "description": "Combining comfort and practicality, this grey marl textured t-shirt is a go-to everyday essential. Featuring a v-neck and front pocket, this staple piece can be layered to create a range different looks.",
                  "sku": "SKU2659078",
                },
              },
              "product_reference": "product_reference",
              "product_title": "Textured Long T-Shirt",
              "variant_assets": Array [],
              "variant_meta_data": Object {
                "eu": Object {
                  "price": 10,
                  "size": "Size 8",
                },
              },
              "variant_sku": "small_1",
              "variant_title": "Small",
            }
          }
        />
      </div>
      <div
        className="c-product__sku"
      >
        <AlgoliaHighlighter(Highlight)
          attributeName="product_meta_data.eu.sku"
          hit={
            Object {
              "_highlightResult": Object {
                "product_meta_data": Object {
                  "eu": Object {
                    "sku": Object {
                      "matchLevel": "none",
                      "matchedWords": Array [],
                      "value": "SK8407636324",
                    },
                  },
                },
                "product_title": Object {
                  "fullyHighlighted": false,
                  "matchLevel": "full",
                  "matchedWords": Array [
                    "long",
                  ],
                  "value": "<ais-highlight-0000000000>Long</ais-highlight-0000000000> Shirt",
                },
                "variant_sku": Object {
                  "matchLevel": "none",
                  "matchedWords": Array [],
                  "value": "SK8407636324-2",
                },
              },
              "category_ids": Array [
                "22bca338-b578-4aee-a302-992764fa3e72",
              ],
              "objectID": "a2d8d304-19eb-4a98-ae77-d7db53715cc4_6d2a54b2-3988-4e3c-b4d8-26feb6ea852e",
              "product_assets": Array [
                Object {
                  "alt_text": "test alt value",
                  "id": 1,
                  "url": "https://staging-matalanintegration-1452506760.s3.amazonaws.com/uploads/asset_file/asset_file/12671/S2623408_C29P_Alt2.jpg",
                },
              ],
              "product_meta_data": Object {
                "eu": Object {
                  "colour": "Blue",
                  "description": "Combining comfort and practicality, this grey marl textured t-shirt is a go-to everyday essential. Featuring a v-neck and front pocket, this staple piece can be layered to create a range different looks.",
                  "sku": "SKU2659078",
                },
              },
              "product_reference": "product_reference",
              "product_title": "Textured Long T-Shirt",
              "variant_assets": Array [],
              "variant_meta_data": Object {
                "eu": Object {
                  "price": 10,
                  "size": "Size 8",
                },
              },
              "variant_sku": "small_1",
              "variant_title": "Small",
            }
          }
        />
      </div>
      <div
        className="c-product__price"
      >
        £
        10.00
      </div>
      <div
        className="c-product__view-details"
      >
        <Button
          label="View"
        />
      </div>
      <span
        className="c-product__rating--empty"
      >
        ★
      </span>
      <span
        className="c-product__rating--empty"
      >
        ★
      </span>
      <span
        className="c-product__rating--empty"
      >
        ★
      </span>
      <span
        className="c-product__rating--empty"
      >
        ★
      </span>
      <span
        className="c-product__rating--empty"
      >
        ★
      </span>
    </a>
  </Link>
</div>
`;
