// Jest Snapshot v1, https://goo.gl/fbAQLP

exports[`renders correctly 1`] = `
<DropdownSelect
  name="line_item[unit_quantity]"
  options={
    Array [
      1,
      2,
      3,
      4,
      5,
    ]
  }
  prompt="Select a Quantity"
>
  <select
    name="line_item[unit_quantity]"
    role="listbox"
  >
    <option
      aria-posinset="0"
      aria-setsize={5}
      role="option"
      value=""
    >
      Select a Quantity
    </option>
    <option
      aria-posinset={1}
      aria-setsize={5}
      role="option"
      value={1}
    >
      1
    </option>
    <option
      aria-posinset={2}
      aria-setsize={5}
      role="option"
      value={2}
    >
      2
    </option>
    <option
      aria-posinset={3}
      aria-setsize={5}
      role="option"
      value={3}
    >
      3
    </option>
    <option
      aria-posinset={4}
      aria-setsize={5}
      role="option"
      value={4}
    >
      4
    </option>
    <option
      aria-posinset={5}
      aria-setsize={5}
      role="option"
      value={5}
    >
      5
    </option>
  </select>
</DropdownSelect>
`;
