// Jest Snapshot v1, https://goo.gl/fbAQLP

exports[`renders correctly 1`] = `
<SizeSelector
  name="line_item[item_id]"
  prompt="Select a Size"
  variants={
    Array [
      Object {
        "meta_data": Object {
          "eu": Object {
            "price": 10,
            "size": "Size 8",
          },
        },
        "sku": 1,
        "title": "Small",
      },
      Object {
        "meta_data": Object {
          "eu": Object {
            "price": 11,
            "size": "Size 10",
          },
        },
        "sku": 2,
        "title": "Medium",
      },
      Object {
        "meta_data": Object {
          "eu": Object {
            "price": 12,
            "size": "Size 12",
          },
        },
        "sku": 3,
        "title": "Large",
      },
    ]
  }
>
  <select
    name="line_item[item_id]"
  >
    <option
      aria-posinset="0"
      aria-setsize={3}
      role="option"
      value=""
    >
      Select a Size
    </option>
    <option
      aria-posinset={1}
      aria-setsize={3}
      data-price={10}
      key="0"
      role="option"
      value={1}
    >
      Size 8
    </option>
    <option
      aria-posinset={2}
      aria-setsize={3}
      data-price={11}
      key="1"
      role="option"
      value={2}
    >
      Size 10
    </option>
    <option
      aria-posinset={3}
      aria-setsize={3}
      data-price={12}
      key="2"
      role="option"
      value={3}
    >
      Size 12
    </option>
  </select>
</SizeSelector>
`;
