// Jest Snapshot v1, https://goo.gl/fbAQLP

exports[`renders correctly 1`] = `
<ProductDisplay
  addToBag={[Function]}
  changeQuantity={[Function]}
  changeSize={[Function]}
  product={
    Object {
      "asset_files": Array [
        Object {
          "alt_text": "Textured Long T-Shirt",
          "asset_file": "S2623408_C29P_Alt2.jpg",
          "s3_url": "https://staging-matalanintegration-1452506760.s3.amazonaws.com/uploads/asset_file/asset_file/12671/S2623408_C29P_Alt2.jpg",
        },
      ],
      "bundles": Array [
        Object {
          "id": 1,
          "products": Array [
            Object {
              "asset_files": Array [
                Object {
                  "id": 2,
                  "url": "https://staging-matalanintegration-1452506760.s3.amazonaws.com/uploads/asset_file/asset_file/12917/S2623404_C146_Main.jpg",
                },
              ],
              "canonical_path": "/products/stripe-shirt",
              "id": 1,
              "title": "Stripe Shirt",
            },
            Object {
              "asset_files": Array [],
              "canonical_path": "/products/slip-on-pump",
              "id": 2,
              "title": "Slip on Pump (no asset files example)",
            },
          ],
          "title": "Mingo",
        },
      ],
      "canonical_path": "1",
      "description": "Part of our Made in Britain collection, the limited edition Thruxton jacket by Morley offers great style and practicality for everyday wear.",
      "id": 1,
      "meta_attributes": Object {
        "master_colour": Object {
          "value": "Stone",
        },
      },
      "price": "99.00",
      "title": "Textured Long T-Shirt",
      "variants": Array [
        Object {
          "meta_attributes": Object {
            "size": Object {
              "value": "Size 8",
            },
          },
          "price": "10.00",
          "sku": 1,
          "title": "Small",
        },
        Object {
          "meta_attributes": Object {
            "size": Object {
              "value": "Size 10",
            },
          },
          "price": "11.00",
          "sku": 2,
          "title": "Medium",
        },
        Object {
          "meta_attributes": Object {
            "size": Object {
              "value": "Size 12",
            },
          },
          "price": "12.00",
          "sku": 3,
          "title": "Large",
        },
      ],
    }
  }
  quantity=""
  size="Small"
  sku=""
>
  <div
    className="c-product-display"
  >
    <div
      className="c-product-display__body"
    >
      <div
        className="c-product-display__gallery"
      >
        <div
          className="c-carousel"
        >
          <Carousel
            className="c-carousel-slider"
            product={
              Object {
                "asset_files": Array [
                  Object {
                    "alt_text": "Textured Long T-Shirt",
                    "asset_file": "S2623408_C29P_Alt2.jpg",
                    "s3_url": "https://staging-matalanintegration-1452506760.s3.amazonaws.com/uploads/asset_file/asset_file/12671/S2623408_C29P_Alt2.jpg",
                  },
                ],
                "bundles": Array [
                  Object {
                    "id": 1,
                    "products": Array [
                      Object {
                        "asset_files": Array [
                          Object {
                            "id": 2,
                            "url": "https://staging-matalanintegration-1452506760.s3.amazonaws.com/uploads/asset_file/asset_file/12917/S2623404_C146_Main.jpg",
                          },
                        ],
                        "canonical_path": "/products/stripe-shirt",
                        "id": 1,
                        "title": "Stripe Shirt",
                      },
                      Object {
                        "asset_files": Array [],
                        "canonical_path": "/products/slip-on-pump",
                        "id": 2,
                        "title": "Slip on Pump (no asset files example)",
                      },
                    ],
                    "title": "Mingo",
                  },
                ],
                "canonical_path": "1",
                "description": "Part of our Made in Britain collection, the limited edition Thruxton jacket by Morley offers great style and practicality for everyday wear.",
                "id": 1,
                "meta_attributes": Object {
                  "master_colour": Object {
                    "value": "Stone",
                  },
                },
                "price": "99.00",
                "title": "Textured Long T-Shirt",
                "variants": Array [
                  Object {
                    "meta_attributes": Object {
                      "size": Object {
                        "value": "Size 8",
                      },
                    },
                    "price": "10.00",
                    "sku": 1,
                    "title": "Small",
                  },
                  Object {
                    "meta_attributes": Object {
                      "size": Object {
                        "value": "Size 10",
                      },
                    },
                    "price": "11.00",
                    "sku": 2,
                    "title": "Medium",
                  },
                  Object {
                    "meta_attributes": Object {
                      "size": Object {
                        "value": "Size 12",
                      },
                    },
                    "price": "12.00",
                    "sku": 3,
                    "title": "Large",
                  },
                ],
              }
            }
          >
            <div
              className="c-carousel__content"
            >
              <Slider
                arrows={true}
                dots={true}
                fade={true}
                infinite={true}
                slidesToScroll={1}
                slidesToShow={1}
                speed={500}
              >
                <InnerSlider
                  accessibility={true}
                  adaptiveHeight={false}
                  afterChange={null}
                  appendDots={[Function]}
                  arrows={true}
                  autoplay={false}
                  autoplaySpeed={3000}
                  beforeChange={null}
                  centerMode={false}
                  centerPadding="50px"
                  className=""
                  cssEase="ease"
                  customPaging={[Function]}
                  dots={true}
                  dotsClass="slick-dots"
                  draggable={true}
                  easing="linear"
                  edgeFriction={0.35}
                  fade={true}
                  focusOnSelect={false}
                  infinite={true}
                  initialSlide={0}
                  lazyLoad={null}
                  nextArrow={null}
                  onEdge={null}
                  onInit={null}
                  onLazyLoadError={null}
                  onReInit={null}
                  pauseOnDotsHover={false}
                  pauseOnFocus={false}
                  pauseOnHover={true}
                  prevArrow={null}
                  responsive={null}
                  rows={1}
                  rtl={false}
                  slide="div"
                  slidesPerRow={1}
                  slidesToScroll={1}
                  slidesToShow={1}
                  speed={500}
                  swipe={true}
                  swipeEvent={null}
                  swipeToSlide={false}
                  touchMove={true}
                  touchThreshold={5}
                  unslick={true}
                  useCSS={true}
                  useTransform={true}
                  variableWidth={false}
                  vertical={false}
                  waitForAnimate={true}
                >
                  <div
                    className="slick-slider slick-initialized"
                  >
                    <div
                      className="slick-list"
                    >
                      <Track
                        centerMode={false}
                        centerPadding="50px"
                        cssEase="ease"
                        currentSlide={0}
                        fade={true}
                        focusOnSelect={null}
                        infinite={true}
                        lazyLoad={null}
                        lazyLoadedList={Array []}
                        listHeight={0}
                        onMouseEnter={[Function]}
                        onMouseLeave={[Function]}
                        onMouseOver={[Function]}
                        rtl={false}
                        slideCount={1}
                        slideHeight={0}
                        slideWidth={0}
                        slidesToScroll={1}
                        slidesToShow={1}
                        speed={500}
                        trackStyle={
                          Object {
                            "opacity": 1,
                          }
                        }
                        unslick={true}
                        variableWidth={false}
                        vertical={false}
                      >
                        <div
                          className="slick-track"
                          onMouseEnter={[Function]}
                          onMouseLeave={[Function]}
                          onMouseOver={[Function]}
                          style={
                            Object {
                              "opacity": 1,
                            }
                          }
                        >
                          <div
                            aria-hidden={false}
                            className="slick-slide slick-active slick-current"
                            data-index={0}
                            key="original0"
                            onClick={[Function]}
                            style={
                              Object {
                                "WebkitTransition": "opacity 500ms ease, visibility 500ms ease",
                                "left": -0,
                                "opacity": 1,
                                "outline": "none",
                                "position": "relative",
                                "transition": "opacity 500ms ease, visibility 500ms ease",
                                "width": 0,
                              }
                            }
                            tabIndex="-1"
                          >
                            <div
                              key="0"
                            >
                              <div
                                key="0"
                                style={
                                  Object {
                                    "display": "inline-block",
                                    "width": "100%",
                                  }
                                }
                                tabIndex={-1}
                              >
                                <Image
                                  className="c-carousel__image"
                                  src="https://staging-matalanintegration-1452506760.s3.amazonaws.com/uploads/asset_file/asset_file/12671/S2623408_C29P_Alt2.jpg"
                                >
                                  <div
                                    className="c-carousel__image"
                                  >
                                    <LazyLoad
                                      height={200}
                                      offset={0}
                                      once={false}
                                      overflow={false}
                                      resize={false}
                                      scroll={true}
                                      unmountIfInvisible={false}
                                    >
                                      <div
                                        className="lazyload-placeholder"
                                        style={
                                          Object {
                                            "height": 200,
                                          }
                                        }
                                      />
                                    </LazyLoad>
                                  </div>
                                </Image>
                              </div>
                            </div>
                          </div>
                        </div>
                      </Track>
                    </div>
                  </div>
                </InnerSlider>
              </Slider>
            </div>
          </Carousel>
        </div>
      </div>
      <div
        className="c-product-display__details"
      >
        <section
          className="c-product-display__section"
        >
          <h1
            aria-level="1"
            role="heading"
          >
            Textured Long T-Shirt
          </h1>
          <div
            className="c-product-display__sku"
          >
            <span />
          </div>
          <div
            className="c-product-display__price"
          >
            <ProductPrice
              variants={
                Array [
                  Object {
                    "meta_attributes": Object {
                      "size": Object {
                        "value": "Size 8",
                      },
                    },
                    "price": "10.00",
                    "sku": 1,
                    "title": "Small",
                  },
                  Object {
                    "meta_attributes": Object {
                      "size": Object {
                        "value": "Size 10",
                      },
                    },
                    "price": "11.00",
                    "sku": 2,
                    "title": "Medium",
                  },
                  Object {
                    "meta_attributes": Object {
                      "size": Object {
                        "value": "Size 12",
                      },
                    },
                    "price": "12.00",
                    "sku": 3,
                    "title": "Large",
                  },
                ]
              }
            >
              <div
                className="c-product-price"
              >
                <span>
                  £
                  10.00
                   - £
                  12.00
                </span>
              </div>
            </ProductPrice>
          </div>
          <div
            className="c-product-display__description"
            dangerouslySetInnerHTML={
              Object {
                "__html": "Part of our Made in Britain collection, the limited edition Thruxton jacket by Morley offers great style and practicality for everyday wear.",
              }
            }
          />
          <div
            className="c-product-display__colour"
          >
            <strong>
              Colour:
            </strong>
            <span>
               
              Stone
               
            </span>
          </div>
          <div
            className="c-product-display__size"
          >
            <SizeSelector
              aria-label="Size Selector"
              name="line_item[item_id]"
              onChange={[Function]}
              prompt="Select a Size"
              value=""
              variants={
                Array [
                  Object {
                    "meta_attributes": Object {
                      "size": Object {
                        "value": "Size 8",
                      },
                    },
                    "price": "10.00",
                    "sku": 1,
                    "title": "Small",
                  },
                  Object {
                    "meta_attributes": Object {
                      "size": Object {
                        "value": "Size 10",
                      },
                    },
                    "price": "11.00",
                    "sku": 2,
                    "title": "Medium",
                  },
                  Object {
                    "meta_attributes": Object {
                      "size": Object {
                        "value": "Size 12",
                      },
                    },
                    "price": "12.00",
                    "sku": 3,
                    "title": "Large",
                  },
                ]
              }
            >
              <select
                aria-label="Size Selector"
                name="line_item[item_id]"
                onChange={[Function]}
                value=""
              >
                <option
                  aria-posinset="0"
                  aria-setsize={3}
                  role="option"
                  value=""
                >
                  Select a Size
                </option>
                <option
                  aria-posinset={1}
                  aria-setsize={3}
                  data-price="10.00"
                  key="0"
                  role="option"
                  value={1}
                >
                  Size 8
                </option>
                <option
                  aria-posinset={2}
                  aria-setsize={3}
                  data-price="11.00"
                  key="1"
                  role="option"
                  value={2}
                >
                  Size 10
                </option>
                <option
                  aria-posinset={3}
                  aria-setsize={3}
                  data-price="12.00"
                  key="2"
                  role="option"
                  value={3}
                >
                  Size 12
                </option>
              </select>
            </SizeSelector>
          </div>
          <div
            className="c-product-display__quantity"
          >
            <_class
              aria-label="Quantity Selector"
              name="line_item[unit_quantity]"
              onChange={[Function]}
              options={
                Array [
                  1,
                  2,
                  3,
                  4,
                  5,
                ]
              }
              prompt="Select a Quantity"
              value=""
            >
              <DropdownSelect
                aria-label="Quantity Selector"
                name="line_item[unit_quantity]"
                onChange={[Function]}
                options={
                  Array [
                    1,
                    2,
                    3,
                    4,
                    5,
                  ]
                }
                prompt="Select a Quantity"
                renderValidationMessage={[Function]}
                value=""
              >
                <div
                  className="o-form__input-group"
                >
                  <select
                    className="o-form__input-block o-form__input-field"
                    id="line_item[unit_quantity]"
                    name="line_item[unit_quantity]"
                    onBlur={[Function]}
                    onChange={[Function]}
                    role="listbox"
                    value=""
                  >
                    <option
                      aria-posinset="0"
                      aria-setsize={5}
                      role="option"
                      value=""
                    >
                      Select a Quantity
                    </option>
                    <option
                      aria-posinset={1}
                      aria-setsize={5}
                      key="0"
                      role="option"
                      value={1}
                    >
                      1
                    </option>
                    <option
                      aria-posinset={2}
                      aria-setsize={5}
                      key="1"
                      role="option"
                      value={2}
                    >
                      2
                    </option>
                    <option
                      aria-posinset={3}
                      aria-setsize={5}
                      key="2"
                      role="option"
                      value={3}
                    >
                      3
                    </option>
                    <option
                      aria-posinset={4}
                      aria-setsize={5}
                      key="3"
                      role="option"
                      value={4}
                    >
                      4
                    </option>
                    <option
                      aria-posinset={5}
                      aria-setsize={5}
                      key="4"
                      role="option"
                      value={5}
                    >
                      5
                    </option>
                  </select>
                </div>
              </DropdownSelect>
            </_class>
          </div>
          <div
            className="c-product-display__add-button"
          >
            <Button
              aria-label="Add to Bag"
              label="ADD TO BAG"
              onClick={[Function]}
              size="lrg"
              status="primary"
            >
              <button
                aria-label="Add to Bag"
                className="o-button o-button--primary o-button--lrg"
                disabled={false}
                onClick={[Function]}
                role="button"
                tabIndex="0"
              >
                ADD TO BAG
              </button>
            </Button>
          </div>
        </section>
        <section
          aria-label="Delivery Information"
          className="c-product-display__section"
        >
          <DeliveryInformation>
            <div>
              <h3>
                Delivery & Returns
              </h3>
              <p>
                Click & collect for free from your local store in 5 working days. Delivery hours are between 8am-8pm, Monday-Friday.
              </p>
              <p>
                Standard delivery will be charged at £3.95 regardless of how many items you order.
              </p>
              <p>
                Next working day delivery will be charged at £4.95 regardless of how many items you order. Your order will be with you the next working day if you order before 4pm. Any orders placed after 4pm Thursday up to 4pm Sunday will be delivered Monday. Please note our Next Day Delivery service is not available on selected items due to their size or weight.
              </p>
            </div>
          </DeliveryInformation>
        </section>
      </div>
    </div>
  </div>
</ProductDisplay>
`;
